../Core/Src/main.c:73:6:HAL_CAN_RxFifo0MsgPendingCallback	56	static
../Core/Src/main.c:88:5:_write	24	static
../Core/Src/main.c:100:5:main	8	static
../Core/Src/main.c:195:6:SystemClock_Config	96	static
../Core/Src/main.c:241:13:MX_CAN_Init	48	static
../Core/Src/main.c:291:13:MX_TIM1_Init	112	static
../Core/Src/main.c:371:13:MX_TIM2_Init	64	static
../Core/Src/main.c:434:13:MX_TIM3_Init	64	static
../Core/Src/main.c:501:13:MX_TIM17_Init	80	static
../Core/Src/main.c:564:13:MX_USART2_UART_Init	8	static
../Core/Src/main.c:599:13:MX_GPIO_Init	40	static
../Core/Src/main.c:634:6:Error_Handler	4	static,ignoring_inline_asm
