13:21:57 **** Incremental Build of configuration Debug for project Robocon_stm2_1 ****
make -j12 all 
arm-none-eabi-gcc "../Core/Src/main.c" -mcpu=cortex-m4 -std=gnu11 -g3 -DDEBUG -DUSE_HAL_DRIVER -DSTM32F303x8 -c -I../Core/Inc -I../Drivers/STM32F3xx_HAL_Driver/Inc -I../Drivers/STM32F3xx_HAL_Driver/Inc/Legacy -I../Drivers/CMSIS/Device/ST/STM32F3xx/Include -I../Drivers/CMSIS/Include -O0 -ffunction-sections -fdata-sections -Wall -fstack-usage -fcyclomatic-complexity -MMD -MP -MF"Core/Src/main.d" -MT"Core/Src/main.o" --specs=nano.specs -mfpu=fpv4-sp-d16 -mfloat-abi=hard -mthumb -o "Core/Src/main.o"
arm-none-eabi-gcc -o "Robocon_stm2_1.elf" @"objects.list"   -mcpu=cortex-m4 -T"C:\CUBEIDE_Workspace\STM_2025_robocon\Robocon_stm2_1\STM32F303K8TX_FLASH.ld" --specs=nosys.specs -Wl,-Map="Robocon_stm2_1.map" -Wl,--gc-sections -static --specs=nano.specs -mfpu=fpv4-sp-d16 -mfloat-abi=hard -mthumb -Wl,--start-group -lc -lm -Wl,--end-group
Finished building target: Robocon_stm2_1.elf
 
arm-none-eabi-size  Robocon_stm2_1.elf 
arm-none-eabi-objdump -h -S Robocon_stm2_1.elf  > "Robocon_stm2_1.list"
   text	   data	    bss	    dec	    hex	filename
  17800	     12	   2052	  19864	   4d98	Robocon_stm2_1.elf
Finished building: default.size.stdout
 
Finished building: Robocon_stm2_1.list
 
